Tes yang ada angkanya ya
1. Coba pesan urutan
2. Coba pesan dengan angka
3. Coba pesan terus

Tes yang ada bulletnya ya
• Mengurangi kontak fisik
• Hemat dan Sederhana
• Mendukung pembayaran nontunai